Release 13.4 - xst O.87xd (nt64)
Copyright (c) 1995-2011 Xilinx, Inc.  All rights reserved.
--> Parameter TMPDIR set to xst/projnav.tmp


Total REAL time to Xst completion: 0.00 secs
Total CPU time to Xst completion: 0.25 secs
 
--> Parameter xsthdpdir set to xst


Total REAL time to Xst completion: 0.00 secs
Total CPU time to Xst completion: 0.25 secs
 
--> Reading design: make_sin_sig.prj

TABLE OF CONTENTS
  1) Synthesis Options Summary
  2) HDL Compilation
  3) Design Hierarchy Analysis
  4) HDL Analysis
  5) HDL Synthesis
     5.1) HDL Synthesis Report
  6) Advanced HDL Synthesis
     6.1) Advanced HDL Synthesis Report
  7) Low Level Synthesis
  8) Partition Report
  9) Final Report
	9.1) Device utilization summary
	9.2) Partition Resource Summary
	9.3) TIMING REPORT


=========================================================================
*                      Synthesis Options Summary                        *
=========================================================================
---- Source Parameters
Input File Name                    : "make_sin_sig.prj"
Input Format                       : mixed
Ignore Synthesis Constraint File   : NO

---- Target Parameters
Output File Name                   : "make_sin_sig"
Output Format                      : NGC
Target Device                      : xc3s700an-4-fgg484

---- Source Options
Top Module Name                    : make_sin_sig
Automatic FSM Extraction           : YES
FSM Encoding Algorithm             : Auto
Safe Implementation                : No
FSM Style                          : LUT
RAM Extraction                     : Yes
RAM Style                          : Auto
ROM Extraction                     : Yes
Mux Style                          : Auto
Decoder Extraction                 : YES
Priority Encoder Extraction        : Yes
Shift Register Extraction          : YES
Logical Shifter Extraction         : YES
XOR Collapsing                     : YES
ROM Style                          : Auto
Mux Extraction                     : Yes
Resource Sharing                   : YES
Asynchronous To Synchronous        : NO
Multiplier Style                   : Auto
Automatic Register Balancing       : No

---- Target Options
Add IO Buffers                     : YES
Global Maximum Fanout              : 100000
Add Generic Clock Buffer(BUFG)     : 24
Register Duplication               : YES
Slice Packing                      : YES
Optimize Instantiated Primitives   : NO
Use Clock Enable                   : Yes
Use Synchronous Set                : Yes
Use Synchronous Reset              : Yes
Pack IO Registers into IOBs        : Auto
Equivalent register Removal        : YES

---- General Options
Optimization Goal                  : Speed
Optimization Effort                : 1
Keep Hierarchy                     : No
Netlist Hierarchy                  : As_Optimized
RTL Output                         : Yes
Global Optimization                : AllClockNets
Read Cores                         : YES
Write Timing Constraints           : NO
Cross Clock Analysis               : NO
Hierarchy Separator                : /
Bus Delimiter                      : <>
Case Specifier                     : Maintain
Slice Utilization Ratio            : 100
BRAM Utilization Ratio             : 100
Verilog 2001                       : YES
Auto BRAM Packing                  : NO
Slice Utilization Ratio Delta      : 5

---- Other Options
Cores Search Directories           : {"ipcore_dir"  }

=========================================================================


=========================================================================
*                          HDL Compilation                              *
=========================================================================
Compiling verilog file "ipcore_dir/sinus.v" in library work
Compiling verilog file "make_sig.v" in library work
Module <sinus> compiled
Compiling verilog file "generate_sinus.v" in library work
Module <make_sig> compiled
Compiling verilog file "make_sin_sig.v" in library work
Module <generate_sinus> compiled
Module <make_sin_sig> compiled
No errors in compilation
Analysis of file <"make_sin_sig.prj"> succeeded.
 

=========================================================================
*                     Design Hierarchy Analysis                         *
=========================================================================
Analyzing hierarchy for module <make_sin_sig> in library <work>.

Analyzing hierarchy for module <generate_sinus> in library <work> with parameters.
	MAX = "0010000000000000"
	MIN = "1110000000000000"

Analyzing hierarchy for module <make_sig> in library <work>.


=========================================================================
*                            HDL Analysis                               *
=========================================================================
Analyzing top module <make_sin_sig>.
Module <make_sin_sig> is correct for synthesis.
 
Analyzing module <generate_sinus> in library <work>.
	MAX = 16'b0010000000000000
	MIN = 16'b1110000000000000
WARNING:Xst:2211 - "ipcore_dir/sinus.v" line 39: Instantiating black box module <sinus>.
Module <generate_sinus> is correct for synthesis.
 
    Set user-defined property "SYN_BLACK_BOX =  1" for instance <sig> in unit <generate_sinus>.
    Set user-defined property "SYN_NOPRUNE =  1" for instance <sig> in unit <generate_sinus>.
    Set property "SYN_NOPRUNE = 1" for unit <sinus>.
Analyzing module <make_sig> in library <work>.
Module <make_sig> is correct for synthesis.
 

=========================================================================
*                           HDL Synthesis                               *
=========================================================================

Performing bidirectional port resolution...

Synthesizing Unit <make_sig>.
    Related source file is "make_sig.v".
WARNING:Xst:647 - Input <sin<0>> is never used. This port will be preserved and left unconnected if it belongs to a top-level block or it belongs to a sub-block and the hierarchy of this sub-block is preserved.
    Found 1-bit register for signal <sig>.
    Found 14-bit up accumulator for signal <curr_length>.
    Found 14-bit adder for signal <pos_length$addsub0001> created at line 35.
    Found 13-bit adder carry out for signal <pos_length$addsub0002> created at line 33.
    Found 14-bit comparator less for signal <sig$cmp_lt0000> created at line 41.
    Summary:
	inferred   1 Accumulator(s).
	inferred   1 D-type flip-flop(s).
	inferred   2 Adder/Subtractor(s).
	inferred   1 Comparator(s).
Unit <make_sig> synthesized.


Synthesizing Unit <generate_sinus>.
    Related source file is "generate_sinus.v".
WARNING:Xst:647 - Input <freq<14:15>> is never used. This port will be preserved and left unconnected if it belongs to a top-level block or it belongs to a sub-block and the hierarchy of this sub-block is preserved.
    Found 11-bit up accumulator for signal <clk14>.
    Found 16-bit register for signal <phase>.
    Found 16-bit adder for signal <phase$addsub0000> created at line 51.
    Found 16-bit comparator greater for signal <phase$cmp_gt0000> created at line 52.
    Found 14-bit register for signal <step>.
    Found 11-bit comparator less for signal <step$cmp_lt0000> created at line 48.
    Summary:
	inferred   1 Accumulator(s).
	inferred  30 D-type flip-flop(s).
	inferred   1 Adder/Subtractor(s).
	inferred   2 Comparator(s).
Unit <generate_sinus> synthesized.


Synthesizing Unit <make_sin_sig>.
    Related source file is "make_sin_sig.v".
WARNING:Xst:653 - Signal <freq> is used but never assigned. This sourceless signal will be automatically connected to value 0000000100000101.
    Found 1-bit register for signal <clk10>.
    Found 4-bit up counter for signal <count10>.
    Found 16-bit register for signal <signal>.
    Summary:
	inferred   1 Counter(s).
	inferred  17 D-type flip-flop(s).
Unit <make_sin_sig> synthesized.


=========================================================================
HDL Synthesis Report

Macro Statistics
# Adders/Subtractors                                   : 3
 13-bit adder carry out                                : 1
 14-bit adder                                          : 1
 16-bit adder                                          : 1
# Counters                                             : 1
 4-bit up counter                                      : 1
# Accumulators                                         : 2
 11-bit up accumulator                                 : 1
 14-bit up accumulator                                 : 1
# Registers                                            : 5
 1-bit register                                        : 2
 14-bit register                                       : 1
 16-bit register                                       : 2
# Comparators                                          : 3
 11-bit comparator less                                : 1
 14-bit comparator less                                : 1
 16-bit comparator greater                             : 1

=========================================================================

=========================================================================
*                       Advanced HDL Synthesis                          *
=========================================================================

Reading core <ipcore_dir/sinus.ngc>.
Loading core <sinus> for timing and area information for instance <sig>.
WARNING:Xst:1426 - The value init of the FF/Latch step_13 hinder the constant cleaning in the block sig8.
   You should achieve better results by setting this init to 1.
WARNING:Xst:1426 - The value init of the FF/Latch step_7 hinder the constant cleaning in the block sig8.
   You should achieve better results by setting this init to 1.
WARNING:Xst:1293 - FF/Latch <step_12> has a constant value of 0 in block <sig8>. This FF/Latch will be trimmed during the optimization process.
WARNING:Xst:1293 - FF/Latch <step_11> has a constant value of 0 in block <sig8>. This FF/Latch will be trimmed during the optimization process.
WARNING:Xst:1293 - FF/Latch <step_10> has a constant value of 0 in block <sig8>. This FF/Latch will be trimmed during the optimization process.
WARNING:Xst:1293 - FF/Latch <step_9> has a constant value of 0 in block <sig8>. This FF/Latch will be trimmed during the optimization process.
WARNING:Xst:1293 - FF/Latch <step_8> has a constant value of 0 in block <sig8>. This FF/Latch will be trimmed during the optimization process.
WARNING:Xst:1293 - FF/Latch <step_6> has a constant value of 0 in block <sig8>. This FF/Latch will be trimmed during the optimization process.
WARNING:Xst:1293 - FF/Latch <step_5> has a constant value of 0 in block <sig8>. This FF/Latch will be trimmed during the optimization process.
WARNING:Xst:1293 - FF/Latch <step_4> has a constant value of 0 in block <sig8>. This FF/Latch will be trimmed during the optimization process.
WARNING:Xst:1293 - FF/Latch <step_3> has a constant value of 0 in block <sig8>. This FF/Latch will be trimmed during the optimization process.
WARNING:Xst:1293 - FF/Latch <step_2> has a constant value of 0 in block <sig8>. This FF/Latch will be trimmed during the optimization process.
WARNING:Xst:1293 - FF/Latch <step_1> has a constant value of 0 in block <sig8>. This FF/Latch will be trimmed during the optimization process.
WARNING:Xst:1293 - FF/Latch <step_0> has a constant value of 0 in block <sig8>. This FF/Latch will be trimmed during the optimization process.
WARNING:Xst:2677 - Node <signal_0> of sequential type is unconnected in block <make_sin_sig>.

=========================================================================
Advanced HDL Synthesis Report

Macro Statistics
# Adders/Subtractors                                   : 3
 13-bit adder carry out                                : 1
 14-bit adder                                          : 1
 16-bit adder                                          : 1
# Counters                                             : 1
 4-bit up counter                                      : 1
# Accumulators                                         : 2
 11-bit up accumulator                                 : 1
 14-bit up accumulator                                 : 1
# Registers                                            : 48
 Flip-Flops                                            : 48
# Comparators                                          : 3
 11-bit comparator less                                : 1
 14-bit comparator less                                : 1
 16-bit comparator greater                             : 1

=========================================================================

=========================================================================
*                         Low Level Synthesis                           *
=========================================================================
INFO:Xst:2261 - The FF/Latch <step_12> in Unit <generate_sinus> is equivalent to the following 11 FFs/Latches, which will be removed : <step_11> <step_10> <step_9> <step_8> <step_6> <step_5> <step_4> <step_3> <step_2> <step_1> <step_0> 
INFO:Xst:2261 - The FF/Latch <step_13> in Unit <generate_sinus> is equivalent to the following FF/Latch, which will be removed : <step_7> 
WARNING:Xst:1426 - The value init of the FF/Latch step_13 hinder the constant cleaning in the block generate_sinus.
   You should achieve better results by setting this init to 1.
WARNING:Xst:1293 - FF/Latch <step_12> has a constant value of 0 in block <generate_sinus>. This FF/Latch will be trimmed during the optimization process.
WARNING:Xst:1293 - FF/Latch <curr_length_0> has a constant value of 0 in block <make_sig>. This FF/Latch will be trimmed during the optimization process.
WARNING:Xst:1896 - Due to other FF/Latch trimming, FF/Latch <curr_length_1> has a constant value of 0 in block <make_sig>. This FF/Latch will be trimmed during the optimization process.
WARNING:Xst:1896 - Due to other FF/Latch trimming, FF/Latch <curr_length_2> has a constant value of 0 in block <make_sig>. This FF/Latch will be trimmed during the optimization process.

Optimizing unit <make_sin_sig> ...

Optimizing unit <make_sig> ...

Optimizing unit <generate_sinus> ...
WARNING:Xst:2677 - Node <signal_0> of sequential type is unconnected in block <make_sin_sig>.

Mapping all equations...
Building and optimizing final netlist ...
Found area constraint ratio of 100 (+ 5) on block make_sin_sig, actual ratio is 11.
INFO:Xst:2260 - The FF/Latch <blk00000b89> in Unit <sig8/sig> is equivalent to the following FF/Latch : <blk00000f7a> 
INFO:Xst:2260 - The FF/Latch <blk000000f7> in Unit <sig8/sig> is equivalent to the following FF/Latch : <blk00000f79> 
INFO:Xst:2260 - The FF/Latch <blk00000050> in Unit <sig8/sig> is equivalent to the following FF/Latch : <blk00000f7c> 
INFO:Xst:2260 - The FF/Latch <blk00000b8a> in Unit <sig8/sig> is equivalent to the following FF/Latch : <blk00000f7b> 
INFO:Xst:2260 - The FF/Latch <blk000000f8> in Unit <sig8/sig> is equivalent to the following FF/Latch : <blk00000f7d> 
INFO:Xst:2260 - The FF/Latch <blk00000b89> in Unit <sig8/sig> is equivalent to the following FF/Latch : <blk00000f7a> 
INFO:Xst:2260 - The FF/Latch <blk000000f7> in Unit <sig8/sig> is equivalent to the following FF/Latch : <blk00000f79> 
INFO:Xst:2260 - The FF/Latch <blk00000050> in Unit <sig8/sig> is equivalent to the following FF/Latch : <blk00000f7c> 
INFO:Xst:2260 - The FF/Latch <blk00000b8a> in Unit <sig8/sig> is equivalent to the following FF/Latch : <blk00000f7b> 
INFO:Xst:2260 - The FF/Latch <blk000000f8> in Unit <sig8/sig> is equivalent to the following FF/Latch : <blk00000f7d> 

Final Macro Processing ...

=========================================================================
Final Register Report

Macro Statistics
# Registers                                            : 60
 Flip-Flops                                            : 60

=========================================================================

=========================================================================
*                           Partition Report                            *
=========================================================================

Partition Implementation Status
-------------------------------

  No Partitions were found in this design.

-------------------------------

=========================================================================
*                            Final Report                               *
=========================================================================
Final Results
RTL Top Level Output File Name     : make_sin_sig.ngr
Top Level Output File Name         : make_sin_sig
Output Format                      : NGC
Optimization Goal                  : Speed
Keep Hierarchy                     : No

Design Statistics
# IOs                              : 2

Cell Usage :
# BELS                             : 3289
#      GND                         : 2
#      INV                         : 49
#      LUT1                        : 75
#      LUT2                        : 403
#      LUT2_D                      : 2
#      LUT3                        : 581
#      LUT4                        : 41
#      LUT4_L                      : 15
#      MUXCY                       : 1046
#      MUXF5                       : 1
#      VCC                         : 2
#      XORCY                       : 1072
# FlipFlops/Latches                : 1070
#      FD                          : 955
#      FDE                         : 39
#      FDR                         : 2
#      FDRE                        : 74
# Shift Registers                  : 5
#      SRL16E                      : 5
# Clock Buffers                    : 3
#      BUFG                        : 2
#      BUFGP                       : 1
# IO Buffers                       : 1
#      OBUF                        : 1
=========================================================================

Device utilization summary:
---------------------------

Selected Device : 3s700anfgg484-4 

 Number of Slices:                      672  out of   5888    11%  
 Number of Slice Flip Flops:           1070  out of  11776     9%  
 Number of 4 input LUTs:               1171  out of  11776     9%  
    Number used as logic:              1166
    Number used as Shift registers:       5
 Number of IOs:                           2
 Number of bonded IOBs:                   2  out of    372     0%  
 Number of GCLKs:                         3  out of     24    12%  

---------------------------
Partition Resource Summary:
---------------------------

  No Partitions were found in this design.

---------------------------


=========================================================================
TIMING REPORT

NOTE: THESE TIMING NUMBERS ARE ONLY A SYNTHESIS ESTIMATE.
      FOR ACCURATE TIMING INFORMATION PLEASE REFER TO THE TRACE REPORT
      GENERATED AFTER PLACE-and-ROUTE.

Clock Information:
------------------
-----------------------------------+------------------------+-------+
Clock Signal                       | Clock buffer(FF name)  | Load  |
-----------------------------------+------------------------+-------+
clk                                | BUFGP                  | 20    |
clk101                             | BUFG                   | 40    |
sig8/clk14_01                      | BUFG                   | 1015  |
-----------------------------------+------------------------+-------+

Asynchronous Control Signals Information:
----------------------------------------
No asynchronous control signals found in this design

Timing Summary:
---------------
Speed Grade: -4

   Minimum period: 5.586ns (Maximum Frequency: 179.019MHz)
   Minimum input arrival time before clock: No path found
   Maximum output required time after clock: 5.531ns
   Maximum combinational path delay: No path found

Timing Detail:
--------------
All values displayed in nanoseconds (ns)

=========================================================================
Timing constraint: Default period analysis for Clock 'clk'
  Clock period: 2.747ns (frequency: 364.033MHz)
  Total number of paths / destination ports: 15 / 6
-------------------------------------------------------------------------
Delay:               2.747ns (Levels of Logic = 1)
  Source:            count10_0 (FF)
  Destination:       clk10 (FF)
  Source Clock:      clk rising
  Destination Clock: clk rising

  Data Path: count10_0 to clk10
                                Gate     Net
    Cell:in->out      fanout   Delay   Delay  Logical Name (Net Name)
    ----------------------------------------  ------------
     FDR:C->Q              5   0.591   0.776  count10_0 (count10_0)
     LUT4:I0->O            1   0.648   0.420  clk10_cmp_eq00001 (clk10_cmp_eq0000)
     FDE:CE                    0.312          clk10
    ----------------------------------------
    Total                      2.747ns (1.551ns logic, 1.196ns route)
                                       (56.5% logic, 43.5% route)

=========================================================================
Timing constraint: Default period analysis for Clock 'clk101'
  Clock period: 5.586ns (frequency: 179.019MHz)
  Total number of paths / destination ports: 799 / 56
-------------------------------------------------------------------------
Delay:               5.586ns (Levels of Logic = 17)
  Source:            sig8/phase_14 (FF)
  Destination:       sig8/phase_0 (FF)
  Source Clock:      clk101 rising
  Destination Clock: clk101 rising

  Data Path: sig8/phase_14 to sig8/phase_0
                                Gate     Net
    Cell:in->out      fanout   Delay   Delay  Logical Name (Net Name)
    ----------------------------------------  ------------
     FDE:C->Q              3   0.591   0.674  sig8/phase_14 (sig8/phase_14)
     LUT1:I0->O            1   0.648   0.000  sig8/Madd_phase_addsub0000_cy<1>_rt (sig8/Madd_phase_addsub0000_cy<1>_rt)
     MUXCY:S->O            1   0.632   0.000  sig8/Madd_phase_addsub0000_cy<1> (sig8/Madd_phase_addsub0000_cy<1>)
     MUXCY:CI->O           1   0.065   0.000  sig8/Madd_phase_addsub0000_cy<2> (sig8/Madd_phase_addsub0000_cy<2>)
     MUXCY:CI->O           1   0.065   0.000  sig8/Madd_phase_addsub0000_cy<3> (sig8/Madd_phase_addsub0000_cy<3>)
     MUXCY:CI->O           1   0.065   0.000  sig8/Madd_phase_addsub0000_cy<4> (sig8/Madd_phase_addsub0000_cy<4>)
     MUXCY:CI->O           1   0.065   0.000  sig8/Madd_phase_addsub0000_cy<5> (sig8/Madd_phase_addsub0000_cy<5>)
     MUXCY:CI->O           1   0.065   0.000  sig8/Madd_phase_addsub0000_cy<6> (sig8/Madd_phase_addsub0000_cy<6>)
     MUXCY:CI->O           1   0.065   0.000  sig8/Madd_phase_addsub0000_cy<7> (sig8/Madd_phase_addsub0000_cy<7>)
     MUXCY:CI->O           1   0.065   0.000  sig8/Madd_phase_addsub0000_cy<8> (sig8/Madd_phase_addsub0000_cy<8>)
     MUXCY:CI->O           1   0.065   0.000  sig8/Madd_phase_addsub0000_cy<9> (sig8/Madd_phase_addsub0000_cy<9>)
     MUXCY:CI->O           1   0.065   0.000  sig8/Madd_phase_addsub0000_cy<10> (sig8/Madd_phase_addsub0000_cy<10>)
     MUXCY:CI->O           1   0.065   0.000  sig8/Madd_phase_addsub0000_cy<11> (sig8/Madd_phase_addsub0000_cy<11>)
     MUXCY:CI->O           1   0.065   0.000  sig8/Madd_phase_addsub0000_cy<12> (sig8/Madd_phase_addsub0000_cy<12>)
     MUXCY:CI->O           1   0.065   0.000  sig8/Madd_phase_addsub0000_cy<13> (sig8/Madd_phase_addsub0000_cy<13>)
     MUXCY:CI->O           0   0.065   0.000  sig8/Madd_phase_addsub0000_cy<14> (sig8/Madd_phase_addsub0000_cy<14>)
     XORCY:CI->O           1   0.844   0.452  sig8/Madd_phase_addsub0000_xor<15> (sig8/phase_addsub0000<15>)
     LUT3:I2->O            1   0.648   0.000  sig8/phase_mux0000<0>1 (sig8/phase_mux0000<0>)
     FDE:D                     0.252          sig8/phase_0
    ----------------------------------------
    Total                      5.586ns (4.460ns logic, 1.126ns route)
                                       (79.8% logic, 20.2% route)

=========================================================================
Timing constraint: Default period analysis for Clock 'sig8/clk14_01'
  Clock period: 5.484ns (frequency: 182.349MHz)
  Total number of paths / destination ports: 32954 / 1011
-------------------------------------------------------------------------
Delay:               5.484ns (Levels of Logic = 21)
  Source:            sig8/sig/blk0000023a (FF)
  Destination:       sig8/sig/blk000001fe (FF)
  Source Clock:      sig8/clk14_01 falling
  Destination Clock: sig8/clk14_01 falling

  Data Path: sig8/sig/blk0000023a to sig8/sig/blk000001fe
                                Gate     Net
    Cell:in->out      fanout   Delay   Delay  Logical Name (Net Name)
    ----------------------------------------  ------------
     FD:C->Q              63   0.591   1.352  blk0000023a (sig000002df)
     LUT2:I1->O            1   0.643   0.000  blk00000ee1 (sig000003ba)
     MUXCY:S->O            1   0.632   0.000  blk00000a93 (sig000003a6)
     MUXCY:CI->O           1   0.065   0.000  blk00000a96 (sig000003b1)
     MUXCY:CI->O           1   0.065   0.000  blk00000a98 (sig000003b2)
     MUXCY:CI->O           1   0.065   0.000  blk00000a9a (sig000003b3)
     MUXCY:CI->O           1   0.065   0.000  blk00000a9c (sig000003b4)
     MUXCY:CI->O           1   0.065   0.000  blk00000a9e (sig000003b5)
     MUXCY:CI->O           1   0.065   0.000  blk00000aa0 (sig000003b6)
     MUXCY:CI->O           1   0.065   0.000  blk00000aa2 (sig000003b7)
     MUXCY:CI->O           1   0.065   0.000  blk00000aa4 (sig000003b8)
     MUXCY:CI->O           1   0.065   0.000  blk00000aa6 (sig000003b9)
     MUXCY:CI->O           1   0.065   0.000  blk00000aa8 (sig000003a7)
     MUXCY:CI->O           1   0.065   0.000  blk00000aaa (sig000003a8)
     MUXCY:CI->O           1   0.065   0.000  blk00000aac (sig000003a9)
     MUXCY:CI->O           1   0.065   0.000  blk00000aae (sig000003aa)
     MUXCY:CI->O           1   0.065   0.000  blk00000ab0 (sig000003ab)
     MUXCY:CI->O           1   0.065   0.000  blk00000ab2 (sig000003ac)
     MUXCY:CI->O           1   0.065   0.000  blk00000ab4 (sig000003ad)
     MUXCY:CI->O           1   0.065   0.000  blk00000ab6 (sig000003ae)
     MUXCY:CI->O           1   0.065   0.000  blk00000ab8 (sig000003af)
     XORCY:CI->O           1   0.844   0.000  blk00000abb (sig000003eb)
     FD:D                      0.252          blk000001fe
    ----------------------------------------
    Total                      5.484ns (4.132ns logic, 1.352ns route)
                                       (75.3% logic, 24.7% route)

=========================================================================
Timing constraint: Default OFFSET OUT AFTER for Clock 'clk101'
  Total number of paths / destination ports: 1 / 1
-------------------------------------------------------------------------
Offset:              5.531ns (Levels of Logic = 1)
  Source:            uut/sig (FF)
  Destination:       sig (PAD)
  Source Clock:      clk101 rising

  Data Path: uut/sig to sig
                                Gate     Net
    Cell:in->out      fanout   Delay   Delay  Logical Name (Net Name)
    ----------------------------------------  ------------
     FDR:C->Q              1   0.591   0.420  uut/sig (uut/sig)
     OBUF:I->O                 4.520          sig_OBUF (sig)
    ----------------------------------------
    Total                      5.531ns (5.111ns logic, 0.420ns route)
                                       (92.4% logic, 7.6% route)

=========================================================================
WARNING:Xst:616 - Invalid property "SYN_BLACK_BOX 1": Did not attach to sig8/sig.
WARNING:Xst:616 - Invalid property "SYN_NOPRUNE 1": Did not attach to sig8/sig.


Total REAL time to Xst completion: 75.00 secs
Total CPU time to Xst completion: 74.62 secs
 
--> 

Total memory usage is 323124 kilobytes

Number of errors   :    0 (   0 filtered)
Number of warnings :   27 (   0 filtered)
Number of infos    :   12 (   0 filtered)

